AREA .  .ABS.
	RADIX HEX
	BASE 0000
	SIZE 0000
	ATTRIB ABS OVR
	GLOBALS
		l__HEAP	0000
		l__BSEG	0000
		l_.  .ABS.	0000
		l__GSFINAL	0000
		l__ISEG	0000
		s_.  .ABS.	0000
		s__HEADER	0000
		l__XSEG	0000
		.init	0000
		l__OVERLAY	0000
		l__LIT	0000
		l__GSINITTAIL	0001
		l__BSS	0087
		l__HEADER	01EB
		s__CODE	0200
		l__HOME	04AF
		l__DATA	0890
		l__BASE	110B
		l__GSINIT	24A9
		l__CODE	25AB
		s__HOME	27AB
		s__BASE	2C5A
		s__LIT	3D65
		s__GSINIT	3D65
		s__GSINITTAIL	620E
		s__GSFINAL	620F
		.OAM	C000
		s__DATA	C0A0
		s__BSS	C930
		s__HEAP	C9B7
		s__BSEG	C9B7
		s__ISEG	C9B7
		s__XSEG	C9B7
		s__OVERLAY	C9B7
		.STACK	E000
		.refresh_OAM	FF80
AREA _CODE
	RADIX HEX
	BASE 0200
	SIZE 25AB
	ATTRIB REL CON
	GLOBALS
		_performantdelay	0200
		_Ghost	0214
		_boy1	0224
		_boy2	0234
		_boy3	0244
		_boy4	0254
		_doggo	0264
		_key	0274
		_bubbles	0284
		_menupic_data	0384
		_menupic_map	0794
		_blankmap	08FC
		_menughost	08FF
		_storytime	090F
		_menustart	0930
		_playermove	0B0F
		_main	0C68
		_vblint	0C7D
		_update_graphics	0D28
		_update_joypad	0D42
		_update_badguy	1115
		_collision_detection	1116
		_do_gameplay	1EBA
		_load_game_tiles	1F06
		_putchar	203A
		_setchar	2043
		_gotoxy	204C
		_posx	2057
		_posy	2068
		.adv_gcurs	2079
		.circle	2096
		.horlin	2139
		.verlin	2171
		.circplot	21CD
		.box	224B
		.line	2321
		.xonly	2442
		.yonly	2591
		.plot	25B2
		.wrbyte	25CF
		.getpix	2651
		.wrtchr	2686
		_gotogxy	26EA
		_wrtchr	26F5
		_getpix	270A
		_color	2716
		_circle	2725
		_box	273F
		_line	2763
		_plot_point	277B
		_plot	278F
AREA _HEADER
	RADIX HEX
	BASE 0000
	SIZE 01EB
	ATTRIB ABS OVR
	GLOBALS
		_exit	01D2
AREA _HOME
	RADIX HEX
	BASE 27AB
	SIZE 04AF
	ATTRIB REL CON
	GLOBALS
		.set_mode	27AB
		.remove_VBL	27BB
		.remove_LCD	27C1
		.remove_TIM	27C7
		.remove_SIO	27CD
		.remove_JOY	27D3
		.add_VBL	27D9
		.add_LCD	27DF
		.add_TIM	27E5
		.add_SIO	27EB
		.add_JOY	27F1
		.remove_int	27F7
		.add_int	2817
		.wait_vbl_done	2833
		_wait_vbl_done	2833
		_display_off	284A
		.display_off	284A
		.serial_IO	286B
		_mode	289A
		_get_mode	28A3
		_enable_interrupts	28A8
		_disable_interrupts	28AA
		_reset	28AC
		.reset	28AC
		_set_interrupts	28B2
		_remove_VBL	28BD
		_remove_LCD	28C8
		_remove_TIM	28D3
		_remove_SIO	28DE
		_remove_JOY	28E9
		_add_VBL	28F4
		_add_LCD	28FF
		_add_TIM	290A
		_add_SIO	2915
		_add_JOY	2920
		_clock	292B
		__printTStates	2934
		banked_call	2935
		banked_ret	294E
		_printf	2957
		_sprintf	2986
AREA _BASE
	RADIX HEX
	BASE 2C5A
	SIZE 110B
	ATTRIB REL CON
	GLOBALS
		.padup	2C5A
		_waitpadup	2C5A
		.jpad	2C6A
		.wait_pad	2C97
		_joypad	2C9E
		_waitpad	2CA3
		.mv_sprite	2CAD
		_move_sprite	2CBC
		__mulschar	2CC9
		__muluchar	2CC9
		__mulsint	2CD5
		__muluint	2CD5
		.mulu16	2CE9
		.mul16	2CE9
		__modslong	2CFF
		__divslong	2CFF
		__mulslong	2CFF
		__divschar	2D00
		__modschar	2D0C
		__divsint	2D17
		__modsint	2D28
		__divuchar	2D37
		__moduchar	2D43
		__divuint	2D4E
		__moduint	2D5F
		.mod8	2D6E
		.div8	2D6E
		.mod16	2D76
		.div16	2D76
		.modu8	2DAC
		.divu8	2DAC
		.modu16	2DAF
		.divu16	2DAF
		_set_win_data	2DEC
		_set_bkg_data	2DEC
		_set_sprite_data	2E39
		.set_sprite_tile	2E68
		_set_sprite_tile	2E75
		.delay	2E80
		_delay	2EBA
		.copy_vram	2EC3
		_get_data	2ED2
		_set_data	2ED2
		_set_bkg_tiles	2EE5
		font_copy_uncompressed	2EF9
		font_copy_compressed	2F2F
		font_load	2F84
		font_copy_current	2FCC
		font_set	3014
		.put_char	3021
		.out_char	303A
		.del_char	3041
		_font_load	309C
		_font_set	30AA
		_font_init	30B9
		_cls	30DB
		.cls	30DB
		.cr_curs	310D
		.adv_curs	3122
		.tmode	317E
		.tmode_out	31A7
		_font_load_ibm_fixed	31B7
		_font_ibm_fixed	31BE
		_font_ibm_fixed_tiles	32C0
		.gmode	3AC0
		.vbl	3B22
		.lcd	3B2D
		.draw_image	3B3A
		.switch_data	3B44
		_switch_data	3B7B
		_draw_image	3B96
		.y_table	3BA9
		.set_xy_wtt	3CC9
		.set_xy_btt	3CDA
		.set_xy_tt	3CE9
		_set_tiles	3D1A
		.init_vram	3D33
		.init_wtt	3D41
		.init_btt	3D51
		.init_tt	3D5F
AREA _LIT
	RADIX HEX
	BASE 3D65
	SIZE 0000
	ATTRIB REL CON
AREA _GSINIT
	RADIX HEX
	BASE 3D65
	SIZE 24A9
	ATTRIB REL CON
	GLOBALS
		gsinit	3D65
AREA _GSINITTAIL
	RADIX HEX
	BASE 620E
	SIZE 0001
	ATTRIB REL CON
AREA _GSFINAL
	RADIX HEX
	BASE 620F
	SIZE 0000
	ATTRIB REL CON
AREA _DATA
	RADIX HEX
	BASE C0A0
	SIZE 0890
	ATTRIB REL CON
	GLOBALS
		_map1	C0A0
		_map2	C208
		_map3	C370
		_badguy1_ai	C4D8
		_badguy2_ai	C640
		_badguy3_ai	C6F4
		_badguy4_ai	C85C
		_count	C910
		_playing	C911
		_joypad_state	C912
		_debug	C913
		_level	C914
		_player_x	C915
		_player_y	C917
		_player_z	C919
		_player_o	C91B
		_badguy_x	C91D
		_badguy_y	C91E
		_badguy_z	C91F
		_badguy_b	C920
		_badguy_i	C921
		_doggo_x	C927
		_doggo_y	C928
		_q	C929
		_u	C92A
		_menusprite	C92B
		_n	C92D
		_seed	C92E
AREA _BSS
	RADIX HEX
	BASE C930
	SIZE 0087
	ATTRIB REL CON
	GLOBALS
		__cpu	C930
		.mode	C931
		__io_out	C932
		__io_in	C933
		__io_status	C934
		.vbl_done	C935
		__current_bank	C936
		_sys_time	C937
		.sys_time	C937
		.int_0x40	C939
		.int_0x48	C949
		.int_0x50	C959
		.int_0x58	C969
		.int_0x60	C979
		font_current	C98C
		font_first_free_tile	C98F
		font_table	C990
		.curx	C9A2
		.cury	C9A3
		.fg_colour	C9A4
		.bg_colour	C9A5
AREA _HEAP
	RADIX HEX
	BASE C9B7
	SIZE 0000
	ATTRIB REL CON
	GLOBALS
		_malloc_heap_start	C9B7
AREA _OVERLAY
	RADIX HEX
	BASE C9B7
	SIZE 0000
	ATTRIB REL CON
AREA _ISEG
	RADIX HEX
	BASE C9B7
	SIZE 0000
	ATTRIB REL CON
AREA _BSEG
	RADIX HEX
	BASE C9B7
	SIZE 0000
	ATTRIB REL CON
AREA _XSEG
	RADIX HEX
	BASE C9B7
	SIZE 0000
	ATTRIB REL CON
MODULES
	FILE C:\gbdk\lib/small/asxxxx/gb/crt0.o
		NAME Runtime
	FILE main.o
		NAME lcc36920
LIBRARIES
	LIBRARY C:\gbdk\lib/small/asxxxx/gb/gb.lib
		MODULE pad.o
	LIBRARY C:\gbdk\lib/small/asxxxx/gb/gb.lib
		MODULE mv_spr.o
	LIBRARY C:\gbdk\lib/small/asxxxx/gbz80/gbz80.lib
		MODULE mul.o
	LIBRARY C:\gbdk\lib/small/asxxxx/gbz80/gbz80.lib
		MODULE div.o
	LIBRARY C:\gbdk\lib/small/asxxxx/gb/gb.lib
		MODULE set_data.o
	LIBRARY C:\gbdk\lib/small/asxxxx/gb/gb.lib
		MODULE set_spr.o
	LIBRARY C:\gbdk\lib/small/asxxxx/gb/gb.lib
		MODULE delay.o
	LIBRARY C:\gbdk\lib/small/asxxxx/gbz80/gbz80.lib
		MODULE printf.o
	LIBRARY C:\gbdk\lib/small/asxxxx/gb/gb.lib
		MODULE cpy_data.o
	LIBRARY C:\gbdk\lib/small/asxxxx/gb/gb.lib
		MODULE set_bk_t.o
	LIBRARY C:\gbdk\lib/small/asxxxx/gb/gb.lib
		MODULE font.o
	LIBRARY C:\gbdk\lib/small/asxxxx/gb/gb.lib
		MODULE ibmfixed.o
	LIBRARY C:\gbdk\lib/small/asxxxx/gb/gb.lib
		MODULE drawing.o
	LIBRARY C:\gbdk\lib/small/asxxxx/gb/gb.lib
		MODULE set_xy_t.o
	LIBRARY C:\gbdk\lib/small/asxxxx/gb/gb.lib
		MODULE init_tt.o
USERBASEDEF
	_CODE=0x0200
	_DATA=0xC0A0
	_CODE_1=0x4000
	_CODE_2=0x4000
	_CODE_3=0x4000
USERGLOBALDEF
	.OAM=0xC000
	.STACK=0xE000
	.refresh_OAM=0xFF80
	.init=0x0000
