AREA .  .ABS.
	RADIX HEX
	BASE 0000
	SIZE 0000
	ATTRIB ABS OVR
	GLOBALS
		l__HEAP	0000
		l__BSEG	0000
		l_.  .ABS.	0000
		l__GSFINAL	0000
		l__ISEG	0000
		s_.  .ABS.	0000
		s__HEADER	0000
		l__XSEG	0000
		.init	0000
		l__OVERLAY	0000
		l__LIT	0000
		s__SFR	0000
		l__GSINITTAIL	0001
		l__BSS	0087
		l__HEADER	01EB
		s__CODE	0200
		l__HOME	04AF
		l__BASE	112D
		l__DATA	146A
		l__GSINIT	1C3E
		l__CODE	289C
		s__HOME	2A9C
		s__BASE	2F4B
		s__LIT	4078
		s__GSINIT	4078
		s__GSINITTAIL	5CB6
		s__GSFINAL	5CB7
		.OAM	C000
		s__DATA	C0A0
		s__BSS	D50A
		s__HEAP	D591
		s__BSEG	D591
		s__ISEG	D591
		s__XSEG	D591
		s__OVERLAY	D591
		.STACK	E000
		.refresh_OAM	FF80
		l__SFR	10000
AREA _CODE
	RADIX HEX
	BASE 0200
	SIZE 289C
	ATTRIB REL CON
	GLOBALS
		_main	0200
		_cave_splash_data	0599
		_cave_splash_map	19A9
		_takeInput	1C2B
		_check	1CD3
		_getQ	1D07
		_question	2083
		_charfiller	20C6
		_chblankscreenOFF	20F1
		_chblankscreenON	210E
		_splashscreen	2124
		_restart	2176
		_updateSwitches	225B
		_checkInput	226E
		_fadeout	227E
		_fadein	22D9
		_putchar	232B
		_setchar	2334
		_gotoxy	233D
		_posx	2348
		_posy	2359
		.adv_gcurs	236A
		.circle	2387
		.horlin	242A
		.verlin	2462
		.circplot	24BE
		.box	253C
		.line	2612
		.xonly	2733
		.yonly	2882
		.plot	28A3
		.wrbyte	28C0
		.getpix	2942
		.wrtchr	2977
		_gotogxy	29DB
		_wrtchr	29E6
		_getpix	29FB
		_color	2A07
		_circle	2A16
		_box	2A30
		_line	2A54
		_plot_point	2A6C
		_plot	2A80
AREA _HEADER
	RADIX HEX
	BASE 0000
	SIZE 01EB
	ATTRIB ABS OVR
	GLOBALS
		_exit	01D2
AREA _HOME
	RADIX HEX
	BASE 2A9C
	SIZE 04AF
	ATTRIB REL CON
	GLOBALS
		.set_mode	2A9C
		.remove_VBL	2AAC
		.remove_LCD	2AB2
		.remove_TIM	2AB8
		.remove_SIO	2ABE
		.remove_JOY	2AC4
		.add_VBL	2ACA
		.add_LCD	2AD0
		.add_TIM	2AD6
		.add_SIO	2ADC
		.add_JOY	2AE2
		.remove_int	2AE8
		.add_int	2B08
		.wait_vbl_done	2B24
		_wait_vbl_done	2B24
		_display_off	2B3B
		.display_off	2B3B
		.serial_IO	2B5C
		_mode	2B8B
		_get_mode	2B94
		_enable_interrupts	2B99
		_disable_interrupts	2B9B
		_reset	2B9D
		.reset	2B9D
		_set_interrupts	2BA3
		_remove_VBL	2BAE
		_remove_LCD	2BB9
		_remove_TIM	2BC4
		_remove_SIO	2BCF
		_remove_JOY	2BDA
		_add_VBL	2BE5
		_add_LCD	2BF0
		_add_TIM	2BFB
		_add_SIO	2C06
		_add_JOY	2C11
		_clock	2C1C
		__printTStates	2C25
		banked_call	2C26
		banked_ret	2C3F
		_printf	2C48
		_sprintf	2C77
AREA _BASE
	RADIX HEX
	BASE 2F4B
	SIZE 112D
	ATTRIB REL CON
	GLOBALS
		_strcpy	2F4B
		_memcpy	2F5D
		_strcmp	2F7D
		.padup	2FA1
		_waitpadup	2FA1
		.jpad	2FB1
		.wait_pad	2FDE
		_joypad	2FE5
		_waitpad	2FEA
		__mulschar	2FF4
		__muluchar	2FF4
		__mulsint	3000
		__muluint	3000
		.mulu16	3014
		.mul16	3014
		.delay	302A
		_delay	3064
		_set_win_data	306D
		_set_bkg_data	306D
		_set_sprite_data	30BA
		.copy_vram	30E9
		_get_data	30F8
		_set_data	30F8
		__modslong	310B
		__divslong	310B
		__mulslong	310B
		__divschar	310C
		__modschar	3118
		__divsint	3123
		__modsint	3134
		__divuchar	3143
		__moduchar	314F
		__divuint	315A
		__moduint	316B
		.mod8	317A
		.div8	317A
		.mod16	3182
		.div16	3182
		.modu8	31B8
		.divu8	31B8
		.modu16	31BB
		.divu16	31BB
		_set_bkg_tiles	31F8
		font_copy_uncompressed	320C
		font_copy_compressed	3242
		font_load	3297
		font_copy_current	32DF
		font_set	3327
		.put_char	3334
		.out_char	334D
		.del_char	3354
		_font_load	33AF
		_font_set	33BD
		_font_init	33CC
		_cls	33EE
		.cls	33EE
		.cr_curs	3420
		.adv_curs	3435
		.tmode	3491
		.tmode_out	34BA
		_font_load_ibm_fixed	34CA
		_font_ibm_fixed	34D1
		_font_ibm_fixed_tiles	35D3
		.gmode	3DD3
		.vbl	3E35
		.lcd	3E40
		.draw_image	3E4D
		.switch_data	3E57
		_switch_data	3E8E
		_draw_image	3EA9
		.y_table	3EBC
		.set_xy_wtt	3FDC
		.set_xy_btt	3FED
		.set_xy_tt	3FFC
		_set_tiles	402D
		.init_vram	4046
		.init_wtt	4054
		.init_btt	4064
		.init_tt	4072
AREA _LIT
	RADIX HEX
	BASE 4078
	SIZE 0000
	ATTRIB REL CON
AREA _GSINIT
	RADIX HEX
	BASE 4078
	SIZE 1C3E
	ATTRIB REL CON
	GLOBALS
		gsinit	4078
AREA _GSINITTAIL
	RADIX HEX
	BASE 5CB6
	SIZE 0001
	ATTRIB REL CON
AREA _GSFINAL
	RADIX HEX
	BASE 5CB7
	SIZE 0000
	ATTRIB REL CON
AREA _DATA
	RADIX HEX
	BASE C0A0
	SIZE 146A
	ATTRIB REL CON
	GLOBALS
		_alpha	C0A0
		_helloWorld	C3A0
		_blankScreen	C3B4
		_sprites	C51C
		_triv	C53C
		_ans	D4DC
		_choice	D504
		_player	D506
		_i	D508
		_a	D509
AREA _BSS
	RADIX HEX
	BASE D50A
	SIZE 0087
	ATTRIB REL CON
	GLOBALS
		__cpu	D50A
		.mode	D50B
		__io_out	D50C
		__io_in	D50D
		__io_status	D50E
		.vbl_done	D50F
		__current_bank	D510
		_sys_time	D511
		.sys_time	D511
		.int_0x40	D513
		.int_0x48	D523
		.int_0x50	D533
		.int_0x58	D543
		.int_0x60	D553
		font_current	D566
		font_first_free_tile	D569
		font_table	D56A
		.curx	D57C
		.cury	D57D
		.fg_colour	D57E
		.bg_colour	D57F
AREA _HEAP
	RADIX HEX
	BASE D591
	SIZE 0000
	ATTRIB REL CON
	GLOBALS
		_malloc_heap_start	D591
AREA _OVERLAY
	RADIX HEX
	BASE D591
	SIZE 0000
	ATTRIB REL CON
AREA _ISEG
	RADIX HEX
	BASE D591
	SIZE 0000
	ATTRIB REL CON
AREA _BSEG
	RADIX HEX
	BASE D591
	SIZE 0000
	ATTRIB REL CON
AREA _XSEG
	RADIX HEX
	BASE D591
	SIZE 0000
	ATTRIB REL CON
AREA _SFR
	RADIX HEX
	BASE 0000
	SIZE 10000
	ATTRIB ABS OVR
	GLOBALS
		_P1_REG	FF00
		_SB_REG	FF01
		_SC_REG	FF02
		_DIV_REG	FF04
		_TIMA_REG	FF05
		_TMA_REG	FF06
		_TAC_REG	FF07
		_IF_REG	FF0F
		_NR10_REG	FF10
		_NR11_REG	FF11
		_NR12_REG	FF12
		_NR13_REG	FF13
		_NR14_REG	FF14
		_NR21_REG	FF16
		_NR22_REG	FF17
		_NR23_REG	FF18
		_NR24_REG	FF19
		_NR30_REG	FF1A
		_NR31_REG	FF1B
		_NR32_REG	FF1C
		_NR33_REG	FF1D
		_NR34_REG	FF1E
		_NR41_REG	FF20
		_NR42_REG	FF21
		_NR43_REG	FF22
		_NR44_REG	FF23
		_NR50_REG	FF24
		_NR51_REG	FF25
		_NR52_REG	FF26
		_LCDC_REG	FF40
		_STAT_REG	FF41
		_SCY_REG	FF42
		_SCX_REG	FF43
		_LY_REG	FF44
		_LYC_REG	FF45
		_DMA_REG	FF46
		_BGP_REG	FF47
		_OBP0_REG	FF48
		_OBP1_REG	FF49
		_WY_REG	FF4A
		_WX_REG	FF4B
		_KEY1_REG	FF4D
		_VBK_REG	FF4F
		_HDMA1_REG	FF51
		_HDMA2_REG	FF52
		_HDMA3_REG	FF53
		_HDMA4_REG	FF54
		_HDMA5_REG	FF55
		_RP_REG	FF56
		_BCPS_REG	FF68
		_BCPD_REG	FF69
		_OCPS_REG	FF6A
		_OCPD_REG	FF6B
		_SVBK_REG	FF70
		_IE_REG	FFFF
MODULES
	FILE c:\gbdk\lib/small/asxxxx/gb/crt0.o
		NAME Runtime
	FILE main.o
		NAME lcc225880
LIBRARIES
	LIBRARY c:\gbdk\lib/small/asxxxx/gb/gb.lib
		MODULE sfr.o
	LIBRARY c:\gbdk\lib/small/asxxxx/gbz80/gbz80.lib
		MODULE asm_string.o
	LIBRARY c:\gbdk\lib/small/asxxxx/gb/gb.lib
		MODULE pad.o
	LIBRARY c:\gbdk\lib/small/asxxxx/gbz80/gbz80.lib
		MODULE mul.o
	LIBRARY c:\gbdk\lib/small/asxxxx/gb/gb.lib
		MODULE delay.o
	LIBRARY c:\gbdk\lib/small/asxxxx/gbz80/gbz80.lib
		MODULE printf.o
	LIBRARY c:\gbdk\lib/small/asxxxx/gb/gb.lib
		MODULE set_data.o
	LIBRARY c:\gbdk\lib/small/asxxxx/gb/gb.lib
		MODULE cpy_data.o
	LIBRARY c:\gbdk\lib/small/asxxxx/gbz80/gbz80.lib
		MODULE div.o
	LIBRARY c:\gbdk\lib/small/asxxxx/gb/gb.lib
		MODULE set_bk_t.o
	LIBRARY c:\gbdk\lib/small/asxxxx/gb/gb.lib
		MODULE font.o
	LIBRARY c:\gbdk\lib/small/asxxxx/gb/gb.lib
		MODULE ibmfixed.o
	LIBRARY c:\gbdk\lib/small/asxxxx/gb/gb.lib
		MODULE drawing.o
	LIBRARY c:\gbdk\lib/small/asxxxx/gb/gb.lib
		MODULE set_xy_t.o
	LIBRARY c:\gbdk\lib/small/asxxxx/gb/gb.lib
		MODULE init_tt.o
USERBASEDEF
	_CODE=0x0200
	_DATA=0xC0A0
	_CODE_1=0x4000
USERGLOBALDEF
	.OAM=0xC000
	.STACK=0xE000
	.refresh_OAM=0xFF80
	.init=0x0000
