AREA .  .ABS.
	RADIX HEX
	BASE 0000
	SIZE 0000
	ATTRIB ABS OVR
	GLOBALS
		l__HEAP	0000
		l__BSEG	0000
		l_.  .ABS.	0000
		l__GSFINAL	0000
		l__ISEG	0000
		s_.  .ABS.	0000
		s__HEADER	0000
		l__XSEG	0000
		.init	0000
		l__OVERLAY	0000
		l__LIT	0000
		s__SFR	0000
		l__GSINITTAIL	0001
		l__BSS	0089
		l__HEADER	01EB
		s__CODE	0200
		l__HOME	04AF
		l__BASE	1138
		l__DATA	1490
		l__GSINIT	1C46
		l__CODE	290E
		s__HOME	2B0E
		s__BASE	2FBD
		s__LIT	40F5
		s__GSINIT	40F5
		s__GSINITTAIL	5D3B
		s__GSFINAL	5D3C
		.OAM	C000
		s__DATA	C0A0
		s__BSS	D530
		s__HEAP	D5B9
		s__BSEG	D5B9
		s__ISEG	D5B9
		s__XSEG	D5B9
		s__OVERLAY	D5B9
		.STACK	E000
		.refresh_OAM	FF80
		l__SFR	10000
AREA _CODE
	RADIX HEX
	BASE 0200
	SIZE 290E
	ATTRIB REL CON
	GLOBALS
		_main	0200
		_cave_splash_data	05B4
		_cave_splash_map	19C4
		_shuffle	1BCC
		_takeInput	1C95
		_check	1D3F
		_getQ	1D73
		_question	20B1
		_charfiller	2119
		_chblankscreenOFF	2144
		_chblankscreenON	2161
		_splashscreen	2177
		_restart	21C9
		_updateSwitches	22A2
		_checkInput	22B5
		_fadeout	22C5
		_fadein	2320
		_rand	2372
		_randw	2372
		_putchar	239D
		_setchar	23A6
		_gotoxy	23AF
		_posx	23BA
		_posy	23CB
		.adv_gcurs	23DC
		.circle	23F9
		.horlin	249C
		.verlin	24D4
		.circplot	2530
		.box	25AE
		.line	2684
		.xonly	27A5
		.yonly	28F4
		.plot	2915
		.wrbyte	2932
		.getpix	29B4
		.wrtchr	29E9
		_gotogxy	2A4D
		_wrtchr	2A58
		_getpix	2A6D
		_color	2A79
		_circle	2A88
		_box	2AA2
		_line	2AC6
		_plot_point	2ADE
		_plot	2AF2
AREA _HEADER
	RADIX HEX
	BASE 0000
	SIZE 01EB
	ATTRIB ABS OVR
	GLOBALS
		_exit	01D2
AREA _HOME
	RADIX HEX
	BASE 2B0E
	SIZE 04AF
	ATTRIB REL CON
	GLOBALS
		.set_mode	2B0E
		.remove_VBL	2B1E
		.remove_LCD	2B24
		.remove_TIM	2B2A
		.remove_SIO	2B30
		.remove_JOY	2B36
		.add_VBL	2B3C
		.add_LCD	2B42
		.add_TIM	2B48
		.add_SIO	2B4E
		.add_JOY	2B54
		.remove_int	2B5A
		.add_int	2B7A
		.wait_vbl_done	2B96
		_wait_vbl_done	2B96
		_display_off	2BAD
		.display_off	2BAD
		.serial_IO	2BCE
		_mode	2BFD
		_get_mode	2C06
		_enable_interrupts	2C0B
		_disable_interrupts	2C0D
		_reset	2C0F
		.reset	2C0F
		_set_interrupts	2C15
		_remove_VBL	2C20
		_remove_LCD	2C2B
		_remove_TIM	2C36
		_remove_SIO	2C41
		_remove_JOY	2C4C
		_add_VBL	2C57
		_add_LCD	2C62
		_add_TIM	2C6D
		_add_SIO	2C78
		_add_JOY	2C83
		_clock	2C8E
		__printTStates	2C97
		banked_call	2C98
		banked_ret	2CB1
		_printf	2CBA
		_sprintf	2CE9
AREA _BASE
	RADIX HEX
	BASE 2FBD
	SIZE 1138
	ATTRIB REL CON
	GLOBALS
		_initrand	2FBD
		.initrand	2FBF
		_strcpy	2FC8
		_memcpy	2FDA
		_strcmp	2FFA
		.padup	301E
		_waitpadup	301E
		.jpad	302E
		.wait_pad	305B
		_joypad	3062
		_waitpad	3067
		__mulschar	3071
		__muluchar	3071
		__mulsint	307D
		__muluint	307D
		.mulu16	3091
		.mul16	3091
		__modslong	30A7
		__divslong	30A7
		__mulslong	30A7
		__divschar	30A8
		__modschar	30B4
		__divsint	30BF
		__modsint	30D0
		__divuchar	30DF
		__moduchar	30EB
		__divuint	30F6
		__moduint	3107
		.mod8	3116
		.div8	3116
		.mod16	311E
		.div16	311E
		.modu8	3154
		.divu8	3154
		.modu16	3157
		.divu16	3157
		.delay	3194
		_delay	31CE
		_set_win_data	31D7
		_set_bkg_data	31D7
		_set_sprite_data	3224
		.copy_vram	3253
		_get_data	3262
		_set_data	3262
		_set_bkg_tiles	3275
		font_copy_uncompressed	3289
		font_copy_compressed	32BF
		font_load	3314
		font_copy_current	335C
		font_set	33A4
		.put_char	33B1
		.out_char	33CA
		.del_char	33D1
		_font_load	342C
		_font_set	343A
		_font_init	3449
		_cls	346B
		.cls	346B
		.cr_curs	349D
		.adv_curs	34B2
		.tmode	350E
		.tmode_out	3537
		_font_load_ibm_fixed	3547
		_font_ibm_fixed	354E
		_font_ibm_fixed_tiles	3650
		.gmode	3E50
		.vbl	3EB2
		.lcd	3EBD
		.draw_image	3ECA
		.switch_data	3ED4
		_switch_data	3F0B
		_draw_image	3F26
		.y_table	3F39
		.set_xy_wtt	4059
		.set_xy_btt	406A
		.set_xy_tt	4079
		_set_tiles	40AA
		.init_vram	40C3
		.init_wtt	40D1
		.init_btt	40E1
		.init_tt	40EF
AREA _LIT
	RADIX HEX
	BASE 40F5
	SIZE 0000
	ATTRIB REL CON
AREA _GSINIT
	RADIX HEX
	BASE 40F5
	SIZE 1C46
	ATTRIB REL CON
	GLOBALS
		gsinit	40F5
AREA _GSINITTAIL
	RADIX HEX
	BASE 5D3B
	SIZE 0001
	ATTRIB REL CON
AREA _GSFINAL
	RADIX HEX
	BASE 5D3C
	SIZE 0000
	ATTRIB REL CON
AREA _DATA
	RADIX HEX
	BASE C0A0
	SIZE 1490
	ATTRIB REL CON
	GLOBALS
		_alpha	C0A0
		_helloWorld	C3A0
		_blankScreen	C3B4
		_sprites	C51C
		_triv	C53C
		_ans	D4DC
		_seed	D504
		_j	D506
		_temp	D508
		_randomseq	D50A
		_choice	D528
		_score	D52A
		_player	D52C
		_i	D52E
		_a	D52F
AREA _BSS
	RADIX HEX
	BASE D530
	SIZE 0089
	ATTRIB REL CON
	GLOBALS
		__cpu	D530
		.mode	D531
		__io_out	D532
		__io_in	D533
		__io_status	D534
		.vbl_done	D535
		__current_bank	D536
		_sys_time	D537
		.sys_time	D537
		.int_0x40	D539
		.int_0x48	D549
		.int_0x50	D559
		.int_0x58	D569
		.int_0x60	D579
		.randhi	D589
		.randlo	D58A
		font_current	D58E
		font_first_free_tile	D591
		font_table	D592
		.curx	D5A4
		.cury	D5A5
		.fg_colour	D5A6
		.bg_colour	D5A7
AREA _HEAP
	RADIX HEX
	BASE D5B9
	SIZE 0000
	ATTRIB REL CON
	GLOBALS
		_malloc_heap_start	D5B9
AREA _OVERLAY
	RADIX HEX
	BASE D5B9
	SIZE 0000
	ATTRIB REL CON
AREA _ISEG
	RADIX HEX
	BASE D5B9
	SIZE 0000
	ATTRIB REL CON
AREA _BSEG
	RADIX HEX
	BASE D5B9
	SIZE 0000
	ATTRIB REL CON
AREA _XSEG
	RADIX HEX
	BASE D5B9
	SIZE 0000
	ATTRIB REL CON
AREA _SFR
	RADIX HEX
	BASE 0000
	SIZE 10000
	ATTRIB ABS OVR
	GLOBALS
		_P1_REG	FF00
		_SB_REG	FF01
		_SC_REG	FF02
		_DIV_REG	FF04
		_TIMA_REG	FF05
		_TMA_REG	FF06
		_TAC_REG	FF07
		_IF_REG	FF0F
		_NR10_REG	FF10
		_NR11_REG	FF11
		_NR12_REG	FF12
		_NR13_REG	FF13
		_NR14_REG	FF14
		_NR21_REG	FF16
		_NR22_REG	FF17
		_NR23_REG	FF18
		_NR24_REG	FF19
		_NR30_REG	FF1A
		_NR31_REG	FF1B
		_NR32_REG	FF1C
		_NR33_REG	FF1D
		_NR34_REG	FF1E
		_NR41_REG	FF20
		_NR42_REG	FF21
		_NR43_REG	FF22
		_NR44_REG	FF23
		_NR50_REG	FF24
		_NR51_REG	FF25
		_NR52_REG	FF26
		_LCDC_REG	FF40
		_STAT_REG	FF41
		_SCY_REG	FF42
		_SCX_REG	FF43
		_LY_REG	FF44
		_LYC_REG	FF45
		_DMA_REG	FF46
		_BGP_REG	FF47
		_OBP0_REG	FF48
		_OBP1_REG	FF49
		_WY_REG	FF4A
		_WX_REG	FF4B
		_KEY1_REG	FF4D
		_VBK_REG	FF4F
		_HDMA1_REG	FF51
		_HDMA2_REG	FF52
		_HDMA3_REG	FF53
		_HDMA4_REG	FF54
		_HDMA5_REG	FF55
		_RP_REG	FF56
		_BCPS_REG	FF68
		_BCPD_REG	FF69
		_OCPS_REG	FF6A
		_OCPD_REG	FF6B
		_SVBK_REG	FF70
		_IE_REG	FFFF
MODULES
	FILE c:\gbdk\lib/small/asxxxx/gb/crt0.o
		NAME Runtime
	FILE main.o
		NAME lcc13160
LIBRARIES
	LIBRARY c:\gbdk\lib/small/asxxxx/gb/gb.lib
		MODULE sfr.o
	LIBRARY c:\gbdk\lib/small/asxxxx/gb/gb.lib
		MODULE rand.o
	LIBRARY c:\gbdk\lib/small/asxxxx/gbz80/gbz80.lib
		MODULE asm_string.o
	LIBRARY c:\gbdk\lib/small/asxxxx/gb/gb.lib
		MODULE pad.o
	LIBRARY c:\gbdk\lib/small/asxxxx/gbz80/gbz80.lib
		MODULE mul.o
	LIBRARY c:\gbdk\lib/small/asxxxx/gbz80/gbz80.lib
		MODULE div.o
	LIBRARY c:\gbdk\lib/small/asxxxx/gb/gb.lib
		MODULE delay.o
	LIBRARY c:\gbdk\lib/small/asxxxx/gbz80/gbz80.lib
		MODULE printf.o
	LIBRARY c:\gbdk\lib/small/asxxxx/gb/gb.lib
		MODULE set_data.o
	LIBRARY c:\gbdk\lib/small/asxxxx/gb/gb.lib
		MODULE cpy_data.o
	LIBRARY c:\gbdk\lib/small/asxxxx/gb/gb.lib
		MODULE set_bk_t.o
	LIBRARY c:\gbdk\lib/small/asxxxx/gb/gb.lib
		MODULE font.o
	LIBRARY c:\gbdk\lib/small/asxxxx/gb/gb.lib
		MODULE ibmfixed.o
	LIBRARY c:\gbdk\lib/small/asxxxx/gb/gb.lib
		MODULE drawing.o
	LIBRARY c:\gbdk\lib/small/asxxxx/gb/gb.lib
		MODULE set_xy_t.o
	LIBRARY c:\gbdk\lib/small/asxxxx/gb/gb.lib
		MODULE init_tt.o
USERBASEDEF
	_CODE=0x0200
	_DATA=0xC0A0
	_CODE_1=0x4000
USERGLOBALDEF
	.OAM=0xC000
	.STACK=0xE000
	.refresh_OAM=0xFF80
	.init=0x0000
